// Jest Snapshot v1, https://goo.gl/fbAQLP

exports[`BreadCrumbNav should match snapshot - edit 1`] = `
Object {
  "asFragment": [Function],
  "baseElement": <body>
    <div>
      <div>
        <div
          style="position: relative;"
        >
          <div
            data-automation-id="visibleContent"
            style="position: fixed; visibility: hidden;"
          >
            <div
              aria-label="navigational.breadcrumb"
              class="ms-Breadcrumb root-108"
              role="navigation"
            >
              <div
                class="ms-FocusZone css-116"
                data-focuszone-id="FocusZone5"
              >
                <ol
                  class="ms-Breadcrumb-list list-109"
                >
                  <li
                    class="ms-Breadcrumb-listItem listItem-110"
                  >
                    <button
                      class="ms-Link ms-Breadcrumb-itemLink itemLink-117"
                      tabindex="0"
                      type="button"
                    >
                      <div
                        class="ms-TooltipHost root-118"
                        role="none"
                      >
                        home
                        <div
                          hidden=""
                          id="tooltip6"
                          style="position: absolute; width: 1px; height: 1px; margin: -1px; padding: 0px; border: 0px; overflow: hidden; white-space: nowrap;"
                        >
                          home
                        </div>
                      </div>
                    </button>
                    <i
                      aria-hidden="true"
                      class="ms-Breadcrumb-chevron chevron-121"
                      data-icon-name="ChevronRight"
                    >
                      
                    </i>
                  </li>
                  <li
                    class="ms-Breadcrumb-listItem listItem-110"
                  >
                    <button
                      class="ms-Link ms-Breadcrumb-itemLink itemLink-117"
                      tabindex="-1"
                      type="button"
                    >
                      <div
                        class="ms-TooltipHost root-118"
                        role="none"
                      >
                        edit
                        <div
                          hidden=""
                          id="tooltip7"
                          style="position: absolute; width: 1px; height: 1px; margin: -1px; padding: 0px; border: 0px; overflow: hidden; white-space: nowrap;"
                        >
                          edit
                        </div>
                      </div>
                    </button>
                  </li>
                </ol>
              </div>
            </div>
          </div>
        </div>
      </div>
    </div>
  </body>,
  "container": <div>
    <div>
      <div
        style="position: relative;"
      >
        <div
          data-automation-id="visibleContent"
          style="position: fixed; visibility: hidden;"
        >
          <div
            aria-label="navigational.breadcrumb"
            class="ms-Breadcrumb root-108"
            role="navigation"
          >
            <div
              class="ms-FocusZone css-116"
              data-focuszone-id="FocusZone5"
            >
              <ol
                class="ms-Breadcrumb-list list-109"
              >
                <li
                  class="ms-Breadcrumb-listItem listItem-110"
                >
                  <button
                    class="ms-Link ms-Breadcrumb-itemLink itemLink-117"
                    tabindex="0"
                    type="button"
                  >
                    <div
                      class="ms-TooltipHost root-118"
                      role="none"
                    >
                      home
                      <div
                        hidden=""
                        id="tooltip6"
                        style="position: absolute; width: 1px; height: 1px; margin: -1px; padding: 0px; border: 0px; overflow: hidden; white-space: nowrap;"
                      >
                        home
                      </div>
                    </div>
                  </button>
                  <i
                    aria-hidden="true"
                    class="ms-Breadcrumb-chevron chevron-121"
                    data-icon-name="ChevronRight"
                  >
                    
                  </i>
                </li>
                <li
                  class="ms-Breadcrumb-listItem listItem-110"
                >
                  <button
                    class="ms-Link ms-Breadcrumb-itemLink itemLink-117"
                    tabindex="-1"
                    type="button"
                  >
                    <div
                      class="ms-TooltipHost root-118"
                      role="none"
                    >
                      edit
                      <div
                        hidden=""
                        id="tooltip7"
                        style="position: absolute; width: 1px; height: 1px; margin: -1px; padding: 0px; border: 0px; overflow: hidden; white-space: nowrap;"
                      >
                        edit
                      </div>
                    </div>
                  </button>
                </li>
              </ol>
            </div>
          </div>
        </div>
      </div>
    </div>
  </div>,
  "debug": [Function],
  "findAllByAltText": [Function],
  "findAllByDisplayValue": [Function],
  "findAllByLabelText": [Function],
  "findAllByPlaceholderText": [Function],
  "findAllByRole": [Function],
  "findAllByTestId": [Function],
  "findAllByText": [Function],
  "findAllByTitle": [Function],
  "findByAltText": [Function],
  "findByDisplayValue": [Function],
  "findByLabelText": [Function],
  "findByPlaceholderText": [Function],
  "findByRole": [Function],
  "findByTestId": [Function],
  "findByText": [Function],
  "findByTitle": [Function],
  "getAllByAltText": [Function],
  "getAllByDisplayValue": [Function],
  "getAllByLabelText": [Function],
  "getAllByPlaceholderText": [Function],
  "getAllByRole": [Function],
  "getAllByTestId": [Function],
  "getAllByText": [Function],
  "getAllByTitle": [Function],
  "getByAltText": [Function],
  "getByDisplayValue": [Function],
  "getByLabelText": [Function],
  "getByPlaceholderText": [Function],
  "getByRole": [Function],
  "getByTestId": [Function],
  "getByText": [Function],
  "getByTitle": [Function],
  "queryAllByAltText": [Function],
  "queryAllByDisplayValue": [Function],
  "queryAllByLabelText": [Function],
  "queryAllByPlaceholderText": [Function],
  "queryAllByRole": [Function],
  "queryAllByTestId": [Function],
  "queryAllByText": [Function],
  "queryAllByTitle": [Function],
  "queryByAltText": [Function],
  "queryByDisplayValue": [Function],
  "queryByLabelText": [Function],
  "queryByPlaceholderText": [Function],
  "queryByRole": [Function],
  "queryByTestId": [Function],
  "queryByText": [Function],
  "queryByTitle": [Function],
  "rerender": [Function],
  "unmount": [Function],
}
`;
