// Jest Snapshot v1, https://goo.gl/fbAQLP

exports[`ProcessingPage should match snapshot 1`] = `
Object {
  "asFragment": [Function],
  "baseElement": .emotion-0 {
  position: fixed;
  width: 100%;
  -webkit-align-self: center;
  -ms-flex-item-align: center;
  align-self: center;
  height: 100%;
  display: -webkit-box;
  display: -webkit-flex;
  display: -ms-flexbox;
  display: flex;
  -webkit-align-items: center;
  -webkit-box-align: center;
  -ms-flex-align: center;
  align-items: center;
  -webkit-box-pack: center;
  -ms-flex-pack: center;
  -webkit-justify-content: center;
  justify-content: center;
}

.emotion-1 {
  display: block;
  min-width: min(500px, 90%);
  max-width: 500px;
}

<body>
    <div>
      <div
        class="emotion-0"
      >
        <div
          class="ms-ProgressIndicator emotion-1 root-102"
        >
          <div
            class="ms-ProgressIndicator-itemName itemName-103"
            id="progress-indicator0-label"
          >
            <div />
          </div>
          <div
            class="ms-ProgressIndicator-itemProgress itemProgress-105"
          >
            <div
              class="ms-ProgressIndicator-progressTrack progressTrack-106"
            />
            <div
              aria-labelledby="progress-indicator0-label"
              class="ms-ProgressIndicator-progressBar progressBar-107"
              role="progressbar"
            />
          </div>
        </div>
      </div>
    </div>
  </body>,
  "container": .emotion-0 {
  position: fixed;
  width: 100%;
  -webkit-align-self: center;
  -ms-flex-item-align: center;
  align-self: center;
  height: 100%;
  display: -webkit-box;
  display: -webkit-flex;
  display: -ms-flexbox;
  display: flex;
  -webkit-align-items: center;
  -webkit-box-align: center;
  -ms-flex-align: center;
  align-items: center;
  -webkit-box-pack: center;
  -ms-flex-pack: center;
  -webkit-justify-content: center;
  justify-content: center;
}

.emotion-1 {
  display: block;
  min-width: min(500px, 90%);
  max-width: 500px;
}

<div>
    <div
      class="emotion-0"
    >
      <div
        class="ms-ProgressIndicator emotion-1 root-102"
      >
        <div
          class="ms-ProgressIndicator-itemName itemName-103"
          id="progress-indicator0-label"
        >
          <div />
        </div>
        <div
          class="ms-ProgressIndicator-itemProgress itemProgress-105"
        >
          <div
            class="ms-ProgressIndicator-progressTrack progressTrack-106"
          />
          <div
            aria-labelledby="progress-indicator0-label"
            class="ms-ProgressIndicator-progressBar progressBar-107"
            role="progressbar"
          />
        </div>
      </div>
    </div>
  </div>,
  "debug": [Function],
  "findAllByAltText": [Function],
  "findAllByDisplayValue": [Function],
  "findAllByLabelText": [Function],
  "findAllByPlaceholderText": [Function],
  "findAllByRole": [Function],
  "findAllByTestId": [Function],
  "findAllByText": [Function],
  "findAllByTitle": [Function],
  "findByAltText": [Function],
  "findByDisplayValue": [Function],
  "findByLabelText": [Function],
  "findByPlaceholderText": [Function],
  "findByRole": [Function],
  "findByTestId": [Function],
  "findByText": [Function],
  "findByTitle": [Function],
  "getAllByAltText": [Function],
  "getAllByDisplayValue": [Function],
  "getAllByLabelText": [Function],
  "getAllByPlaceholderText": [Function],
  "getAllByRole": [Function],
  "getAllByTestId": [Function],
  "getAllByText": [Function],
  "getAllByTitle": [Function],
  "getByAltText": [Function],
  "getByDisplayValue": [Function],
  "getByLabelText": [Function],
  "getByPlaceholderText": [Function],
  "getByRole": [Function],
  "getByTestId": [Function],
  "getByText": [Function],
  "getByTitle": [Function],
  "queryAllByAltText": [Function],
  "queryAllByDisplayValue": [Function],
  "queryAllByLabelText": [Function],
  "queryAllByPlaceholderText": [Function],
  "queryAllByRole": [Function],
  "queryAllByTestId": [Function],
  "queryAllByText": [Function],
  "queryAllByTitle": [Function],
  "queryByAltText": [Function],
  "queryByDisplayValue": [Function],
  "queryByLabelText": [Function],
  "queryByPlaceholderText": [Function],
  "queryByRole": [Function],
  "queryByTestId": [Function],
  "queryByText": [Function],
  "queryByTitle": [Function],
  "rerender": [Function],
  "unmount": [Function],
}
`;
