// Jest Snapshot v1, https://goo.gl/fbAQLP

exports[`ReviewManifestPane Footer should render review manifest pane footer 1`] = `
Object {
  "asFragment": [Function],
  "baseElement": .emotion-0 {
  border-top: 1px solid #ccc;
  padding: 1rem 1.25rem;
  background: white;
}

.emotion-1 {
  margin-right: 0.625rem;
  height: 1.5rem;
  font-size: 0.813rem;
}

<body>
    <div>
      <div
        class="emotion-0"
      >
        <button
          class="ms-Button ms-Button--primary emotion-1 root-109"
          data-is-focusable="true"
          data-test-id="download-manifest-button"
          type="button"
        >
          <span
            class="ms-Button-flexContainer flexContainer-110"
            data-automationid="splitbuttonprimary"
          >
            <span
              class="ms-Button-textContainer textContainer-111"
            >
              <span
                class="ms-Button-label label-113"
                id="id__0"
              >
                download
              </span>
            </span>
          </span>
        </button>
        <button
          class="ms-Button ms-Button--default emotion-1 root-117"
          data-is-focusable="true"
          type="button"
        >
          <span
            class="ms-Button-flexContainer flexContainer-110"
            data-automationid="splitbuttonprimary"
          >
            <span
              class="ms-Button-textContainer textContainer-111"
            >
              <span
                class="ms-Button-label label-113"
                id="id__3"
              >
                cancel
              </span>
            </span>
          </span>
        </button>
      </div>
    </div>
  </body>,
  "container": .emotion-0 {
  border-top: 1px solid #ccc;
  padding: 1rem 1.25rem;
  background: white;
}

.emotion-1 {
  margin-right: 0.625rem;
  height: 1.5rem;
  font-size: 0.813rem;
}

<div>
    <div
      class="emotion-0"
    >
      <button
        class="ms-Button ms-Button--primary emotion-1 root-109"
        data-is-focusable="true"
        data-test-id="download-manifest-button"
        type="button"
      >
        <span
          class="ms-Button-flexContainer flexContainer-110"
          data-automationid="splitbuttonprimary"
        >
          <span
            class="ms-Button-textContainer textContainer-111"
          >
            <span
              class="ms-Button-label label-113"
              id="id__0"
            >
              download
            </span>
          </span>
        </span>
      </button>
      <button
        class="ms-Button ms-Button--default emotion-1 root-117"
        data-is-focusable="true"
        type="button"
      >
        <span
          class="ms-Button-flexContainer flexContainer-110"
          data-automationid="splitbuttonprimary"
        >
          <span
            class="ms-Button-textContainer textContainer-111"
          >
            <span
              class="ms-Button-label label-113"
              id="id__3"
            >
              cancel
            </span>
          </span>
        </span>
      </button>
    </div>
  </div>,
  "debug": [Function],
  "findAllByAltText": [Function],
  "findAllByDisplayValue": [Function],
  "findAllByLabelText": [Function],
  "findAllByPlaceholderText": [Function],
  "findAllByRole": [Function],
  "findAllByTestId": [Function],
  "findAllByText": [Function],
  "findAllByTitle": [Function],
  "findByAltText": [Function],
  "findByDisplayValue": [Function],
  "findByLabelText": [Function],
  "findByPlaceholderText": [Function],
  "findByRole": [Function],
  "findByTestId": [Function],
  "findByText": [Function],
  "findByTitle": [Function],
  "getAllByAltText": [Function],
  "getAllByDisplayValue": [Function],
  "getAllByLabelText": [Function],
  "getAllByPlaceholderText": [Function],
  "getAllByRole": [Function],
  "getAllByTestId": [Function],
  "getAllByText": [Function],
  "getAllByTitle": [Function],
  "getByAltText": [Function],
  "getByDisplayValue": [Function],
  "getByLabelText": [Function],
  "getByPlaceholderText": [Function],
  "getByRole": [Function],
  "getByTestId": [Function],
  "getByText": [Function],
  "getByTitle": [Function],
  "queryAllByAltText": [Function],
  "queryAllByDisplayValue": [Function],
  "queryAllByLabelText": [Function],
  "queryAllByPlaceholderText": [Function],
  "queryAllByRole": [Function],
  "queryAllByTestId": [Function],
  "queryAllByText": [Function],
  "queryAllByTitle": [Function],
  "queryByAltText": [Function],
  "queryByDisplayValue": [Function],
  "queryByLabelText": [Function],
  "queryByPlaceholderText": [Function],
  "queryByRole": [Function],
  "queryByTestId": [Function],
  "queryByText": [Function],
  "queryByTitle": [Function],
  "rerender": [Function],
  "unmount": [Function],
}
`;
